// Vitest Snapshot v1, https://vitest.dev/guide/snapshot.html

exports[`typescript > #install > should install the required packages and convert the SDK to JS 1`] = `
"index.ts
openapi.json
package.json
schemas
schemas.ts
types.ts

./schemas:
ApiResponse.ts
Category.ts
CreateUsersWithArrayInput.ts
CreateUsersWithListInput.ts
DeleteOrder.ts
DeletePet.ts
DeleteUser.ts
FindPetsByStatus.ts
FindPetsByTags.ts
GetInventory.ts
GetOrderById.ts
GetPetById.ts
GetUserByName.ts
LoginUser.ts
Order.ts
Pet.ts
Tag.ts
UpdatePetWithForm.ts
UpdateUser.ts
UploadFile.ts
User.ts"
`;
